2026-03-06 17:38:31 | INFO     | main:lifespan:19 - Starting application...
2026-03-06 17:38:31 | INFO     | main:lifespan:24 - Database tables created/verified
2026-03-06 17:40:12 | INFO     | app.core.security:get_current_user:43 - User authenticated: admin@example.com
2026-03-06 17:41:02 | INFO     | app.core.security:get_current_user:43 - User authenticated: admin@example.com
2026-03-06 17:41:13 | INFO     | app.core.security:get_current_user:43 - User authenticated: admin@example.com
2026-03-06 17:41:13 | INFO     | app.api.v1.workitems:create_work_item:268 - Work item created: test by admin@example.com
2026-03-06 17:41:35 | INFO     | app.core.security:get_current_user:43 - User authenticated: admin@example.com
2026-03-06 17:42:00 | INFO     | app.core.security:get_current_user:43 - User authenticated: admin@example.com
2026-03-06 17:42:29 | INFO     | app.core.security:get_current_user:43 - User authenticated: admin@example.com
2026-03-06 17:42:29 | INFO     | app.api.v1.workitems:create_work_item:268 - Work item created: test by admin@example.com
2026-03-06 17:42:45 | INFO     | app.core.security:get_current_user:43 - User authenticated: admin@example.com
2026-03-06 17:42:45 | INFO     | app.api.v1.workitems:create_work_item:268 - Work item created: test by admin@example.com
2026-03-06 17:43:04 | INFO     | app.core.security:get_current_user:43 - User authenticated: admin@example.com
2026-03-06 17:43:04 | INFO     | app.api.v1.workitems:create_work_item:268 - Work item created: test by admin@example.com
2026-03-06 17:43:16 | INFO     | app.core.security:get_current_user:43 - User authenticated: admin@example.com
2026-03-06 17:43:16 | INFO     | app.api.v1.workitems:create_work_session:433 - Work session created for task 1a50a00b-0e2c-488a-97b3-e2ab385ec81c by admin@example.com
2026-03-06 17:43:39 | INFO     | app.core.security:get_current_user:43 - User authenticated: admin@example.com
2026-03-06 17:43:53 | INFO     | app.core.security:get_current_user:43 - User authenticated: admin@example.com
2026-03-06 17:43:53 | INFO     | app.api.v1.workitems:update_work_session:491 - Work session updated 041ecfb3-9268-4a7c-8dc3-33b54dcae9d6 by admin@example.com
2026-03-06 17:44:09 | INFO     | main:lifespan:28 - Shutting down application...
