2026-04-25 16:46:40 | DEBUG    | app.core.gitea:__init__:87 - GiteaService initialized | base_url=http://it-saturn.ru:49336 org=ABCLab
2026-04-25 16:46:40 | INFO     | main:lifespan:20 - Starting application...
2026-04-25 16:46:40 | INFO     | main:lifespan:25 - Database tables created/verified
2026-04-25 16:46:47 | INFO     | app.core.security:get_current_user:43 - User authenticated: admin@example.com
2026-04-25 16:46:47 | ERROR    | main:global_exception_handler:55 - Unhandled exception: GiteaService.create_user() got an unexpected keyword argument 'permission'
2026-04-25 16:48:41 | INFO     | main:lifespan:29 - Shutting down application...
2026-04-25 16:48:43 | INFO     | main:lifespan:20 - Starting application...
2026-04-25 16:48:43 | INFO     | main:lifespan:25 - Database tables created/verified
2026-04-25 16:50:09 | INFO     | main:lifespan:29 - Shutting down application...
2026-04-25 16:50:11 | INFO     | main:lifespan:20 - Starting application...
2026-04-25 16:50:11 | INFO     | main:lifespan:25 - Database tables created/verified
2026-04-25 16:50:15 | INFO     | app.core.security:get_current_user:43 - User authenticated: admin@example.com
2026-04-25 16:52:26 | INFO     | main:lifespan:29 - Shutting down application...
2026-04-25 16:52:28 | INFO     | main:lifespan:20 - Starting application...
2026-04-25 16:52:28 | INFO     | main:lifespan:25 - Database tables created/verified
2026-04-25 16:52:40 | INFO     | main:lifespan:29 - Shutting down application...
2026-04-25 16:52:42 | INFO     | main:lifespan:20 - Starting application...
2026-04-25 16:52:42 | INFO     | main:lifespan:25 - Database tables created/verified
2026-04-25 16:52:47 | INFO     | main:lifespan:29 - Shutting down application...
2026-04-25 16:52:49 | INFO     | main:lifespan:20 - Starting application...
2026-04-25 16:52:49 | INFO     | main:lifespan:25 - Database tables created/verified
2026-04-25 16:53:54 | INFO     | main:lifespan:29 - Shutting down application...
2026-04-25 16:53:56 | INFO     | main:lifespan:20 - Starting application...
2026-04-25 16:53:56 | INFO     | main:lifespan:25 - Database tables created/verified
2026-04-25 16:54:50 | INFO     | main:lifespan:29 - Shutting down application...
2026-04-25 16:54:51 | INFO     | main:lifespan:20 - Starting application...
2026-04-25 16:54:51 | INFO     | main:lifespan:25 - Database tables created/verified
2026-04-25 16:55:11 | INFO     | main:lifespan:29 - Shutting down application...
2026-04-25 16:55:12 | INFO     | main:lifespan:20 - Starting application...
2026-04-25 16:55:12 | INFO     | main:lifespan:25 - Database tables created/verified
2026-04-25 16:56:14 | INFO     | main:lifespan:29 - Shutting down application...
2026-04-25 16:56:26 | INFO     | main:lifespan:20 - Starting application...
2026-04-25 16:56:26 | INFO     | main:lifespan:25 - Database tables created/verified
2026-04-25 16:56:36 | INFO     | main:lifespan:29 - Shutting down application...
2026-04-25 16:56:38 | INFO     | main:lifespan:20 - Starting application...
2026-04-25 16:56:38 | INFO     | main:lifespan:25 - Database tables created/verified
2026-04-25 16:56:49 | INFO     | app.core.security:get_current_user:43 - User authenticated: admin@example.com
2026-04-25 16:58:17 | INFO     | app.core.security:get_current_user:43 - User authenticated: admin@example.com
2026-04-25 16:59:08 | INFO     | main:lifespan:29 - Shutting down application...
2026-04-25 16:59:10 | INFO     | main:lifespan:20 - Starting application...
2026-04-25 16:59:10 | INFO     | main:lifespan:25 - Database tables created/verified
2026-04-25 16:59:13 | INFO     | app.core.security:get_current_user:43 - User authenticated: admin@example.com
2026-04-25 16:59:31 | INFO     | app.core.security:get_current_user:43 - User authenticated: admin@example.com
2026-04-25 16:59:31 | ERROR    | main:global_exception_handler:55 - Unhandled exception: Organization.create_repo() got an unexpected keyword argument 'auto_init'
2026-04-25 17:02:06 | INFO     | main:lifespan:29 - Shutting down application...
2026-04-25 17:02:07 | INFO     | main:lifespan:20 - Starting application...
2026-04-25 17:02:08 | INFO     | main:lifespan:25 - Database tables created/verified
2026-04-25 17:02:18 | INFO     | app.core.security:get_current_user:43 - User authenticated: admin@example.com
2026-04-25 17:02:21 | DEBUG    | app.core.gitea:create_repository:151 - {'id': 2, 'owner': {'id': 4, 'login': 'ABCLab', 'login_name': '', 'source_id': 0, 'full_name': '', 'email': '', 'avatar_url': 'http://it-saturn.ru:49336/avatars/ea9a096eb1fd91eee8c3f3249168f1f3', 'html_url': 'http://it-saturn.ru:49336/ABCLab', 'language': '', 'is_admin': False, 'last_login': '0001-01-01T00:00:00Z', 'created': '2026-04-25T07:36:23Z', 'restricted': False, 'active': False, 'prohibit_login': False, 'location': '', 'website': '', 'description': '', 'visibility': 'private', 'followers_count': 0, 'following_count': 0, 'starred_repos_count': 0, 'username': 'ABCLab'}, 'name': 'Local_test_repo', 'full_name': 'ABCLab/Local_test_repo', 'description': 'тест тест тест', 'empty': False, 'private': True, 'fork': False, 'template': False, 'mirror': False, 'size': 25, 'language': '', 'languages_url': 'http://it-saturn.ru:49336/api/v1/repos/ABCLab/Local_test_repo/languages', 'html_url': 'http://it-saturn.ru:49336/ABCLab/Local_test_repo', 'url': 'http://it-saturn.ru:49336/api/v1/repos/ABCLab/Local_test_repo', 'link': '', 'ssh_url': 'ssh://git@it-saturn.ru:223/ABCLab/Local_test_repo.git', 'clone_url': 'http://it-saturn.ru:49336/ABCLab/Local_test_repo.git', 'original_url': '', 'website': '', 'stars_count': 0, 'forks_count': 0, 'watchers_count': 1, 'open_issues_count': 0, 'open_pr_counter': 0, 'release_counter': 0, 'default_branch': 'main', 'archived': False, 'created_at': '2026-04-25T10:02:18Z', 'updated_at': '2026-04-25T10:02:20Z', 'archived_at': '1970-01-01T00:00:00Z', 'permissions': {'admin': True, 'push': True, 'pull': True}, 'has_code': True, 'has_issues': True, 'internal_tracker': {'enable_time_tracker': False, 'allow_only_contributors_to_track_time': True, 'enable_issue_dependencies': True}, 'has_wiki': True, 'has_pull_requests': True, 'has_projects': True, 'projects_mode': 'all', 'has_releases': True, 'has_packages': True, 'has_actions': True, 'ignore_whitespace_conflicts': False, 'allow_merge_commits': True, 'allow_rebase': True, 'allow_rebase_explicit': True, 'allow_squash_merge': True, 'allow_fast_forward_only_merge': True, 'allow_rebase_update': True, 'allow_manual_merge': False, 'autodetect_manual_merge': False, 'default_delete_branch_after_merge': False, 'default_merge_style': 'merge', 'default_allow_maintainer_edit': False, 'avatar_url': '', 'internal': False, 'mirror_interval': '', 'object_format_name': 'sha1', 'mirror_updated': '0001-01-01T00:00:00Z', 'topics': [], 'licenses': []}
2026-04-25 17:02:21 | INFO     | app.api.v1.repos:create_repository:67 - Repository created: %s (gitea_id=%s) in project=%s by %s
2026-04-25 17:03:29 | INFO     | main:lifespan:29 - Shutting down application...
2026-04-25 17:03:37 | INFO     | main:lifespan:20 - Starting application...
2026-04-25 17:03:37 | INFO     | main:lifespan:25 - Database tables created/verified
2026-04-25 17:04:24 | INFO     | main:lifespan:29 - Shutting down application...
2026-04-25 17:04:29 | INFO     | main:lifespan:20 - Starting application...
2026-04-25 17:04:29 | INFO     | main:lifespan:25 - Database tables created/verified
2026-04-25 17:04:30 | INFO     | app.core.security:get_current_user:43 - User authenticated: admin@example.com
2026-04-25 17:04:36 | INFO     | app.core.security:get_current_user:43 - User authenticated: admin@example.com
2026-04-25 17:04:37 | DEBUG    | app.core.gitea:create_repository:151 - {'id': 3, 'owner': {'id': 4, 'login': 'ABCLab', 'login_name': '', 'source_id': 0, 'full_name': '', 'email': '', 'avatar_url': 'http://it-saturn.ru:49336/avatars/ea9a096eb1fd91eee8c3f3249168f1f3', 'html_url': 'http://it-saturn.ru:49336/ABCLab', 'language': '', 'is_admin': False, 'last_login': '0001-01-01T00:00:00Z', 'created': '2026-04-25T07:36:23Z', 'restricted': False, 'active': False, 'prohibit_login': False, 'location': '', 'website': '', 'description': '', 'visibility': 'private', 'followers_count': 0, 'following_count': 0, 'starred_repos_count': 0, 'username': 'ABCLab'}, 'name': 'Local_test_repo_2', 'full_name': 'ABCLab/Local_test_repo_2', 'description': 'тест тест тест', 'empty': False, 'private': True, 'fork': False, 'template': False, 'mirror': False, 'size': 25, 'language': '', 'languages_url': 'http://it-saturn.ru:49336/api/v1/repos/ABCLab/Local_test_repo_2/languages', 'html_url': 'http://it-saturn.ru:49336/ABCLab/Local_test_repo_2', 'url': 'http://it-saturn.ru:49336/api/v1/repos/ABCLab/Local_test_repo_2', 'link': '', 'ssh_url': 'ssh://git@it-saturn.ru:223/ABCLab/Local_test_repo_2.git', 'clone_url': 'http://it-saturn.ru:49336/ABCLab/Local_test_repo_2.git', 'original_url': '', 'website': '', 'stars_count': 0, 'forks_count': 0, 'watchers_count': 1, 'open_issues_count': 0, 'open_pr_counter': 0, 'release_counter': 0, 'default_branch': 'main', 'archived': False, 'created_at': '2026-04-25T10:04:36Z', 'updated_at': '2026-04-25T10:04:36Z', 'archived_at': '1970-01-01T00:00:00Z', 'permissions': {'admin': True, 'push': True, 'pull': True}, 'has_code': True, 'has_issues': True, 'internal_tracker': {'enable_time_tracker': False, 'allow_only_contributors_to_track_time': True, 'enable_issue_dependencies': True}, 'has_wiki': True, 'has_pull_requests': True, 'has_projects': True, 'projects_mode': 'all', 'has_releases': True, 'has_packages': True, 'has_actions': True, 'ignore_whitespace_conflicts': False, 'allow_merge_commits': True, 'allow_rebase': True, 'allow_rebase_explicit': True, 'allow_squash_merge': True, 'allow_fast_forward_only_merge': True, 'allow_rebase_update': True, 'allow_manual_merge': False, 'autodetect_manual_merge': False, 'default_delete_branch_after_merge': False, 'default_merge_style': 'merge', 'default_allow_maintainer_edit': False, 'avatar_url': '', 'internal': False, 'mirror_interval': '', 'object_format_name': 'sha1', 'mirror_updated': '0001-01-01T00:00:00Z', 'topics': [], 'licenses': []}
2026-04-25 17:04:37 | INFO     | app.api.v1.repos:create_repository:67 - Repository created: Local_test_repo_2 (gitea_id=3) in project=9595ede4-9b68-47dd-bf89-fcb7fe5f3306 by admin@example.com
2026-04-25 17:08:28 | INFO     | main:lifespan:29 - Shutting down application...
